01:36:14 **** Build of configuration Debug for project stm32f7xx_drivers ****
make -j16 all 
arm-none-eabi-gcc "../Src/main.c" -mcpu=cortex-m7 -std=gnu11 -g3 -DDEBUG -DSTM32 -DNUCLEO_F767ZI -DSTM32F7 -DSTM32F767ZITx -c -I"D:/Udemy/MCU1/MCU1_course/MCU1/stm32f7xx_drivers/drivers/Inc" -O0 -ffunction-sections -fdata-sections -Wall -fstack-usage -fcyclomatic-complexity -MMD -MP -MF"Src/main.d" -MT"Src/main.o" --specs=nano.specs -mfpu=fpv5-d16 -mfloat-abi=hard -mthumb -o "Src/main.o"
arm-none-eabi-gcc "../Src/syscalls.c" -mcpu=cortex-m7 -std=gnu11 -g3 -DDEBUG -DSTM32 -DNUCLEO_F767ZI -DSTM32F7 -DSTM32F767ZITx -c -I"D:/Udemy/MCU1/MCU1_course/MCU1/stm32f7xx_drivers/drivers/Inc" -O0 -ffunction-sections -fdata-sections -Wall -fstack-usage -fcyclomatic-complexity -MMD -MP -MF"Src/syscalls.d" -MT"Src/syscalls.o" --specs=nano.specs -mfpu=fpv5-d16 -mfloat-abi=hard -mthumb -o "Src/syscalls.o"
arm-none-eabi-gcc "../Src/sysmem.c" -mcpu=cortex-m7 -std=gnu11 -g3 -DDEBUG -DSTM32 -DNUCLEO_F767ZI -DSTM32F7 -DSTM32F767ZITx -c -I"D:/Udemy/MCU1/MCU1_course/MCU1/stm32f7xx_drivers/drivers/Inc" -O0 -ffunction-sections -fdata-sections -Wall -fstack-usage -fcyclomatic-complexity -MMD -MP -MF"Src/sysmem.d" -MT"Src/sysmem.o" --specs=nano.specs -mfpu=fpv5-d16 -mfloat-abi=hard -mthumb -o "Src/sysmem.o"
../Src/main.c:23:4: warning: #warning "FPU is not initialized, but the project is compiling for an FPU. Please initialize the FPU before use." [-Wcpp]
   23 |   #warning "FPU is not initialized, but the project is compiling for an FPU. Please initialize the FPU before use."
      |    ^~~~~~~
arm-none-eabi-gcc -o "stm32f7xx_drivers.elf" @"objects.list"   -mcpu=cortex-m7 -T"D:\Udemy\MCU1\MCU1_course\MCU1\stm32f7xx_drivers\STM32F767ZITX_FLASH.ld" --specs=nosys.specs -Wl,-Map="stm32f7xx_drivers.map" -Wl,--gc-sections -static --specs=nano.specs -mfpu=fpv5-d16 -mfloat-abi=hard -mthumb -Wl,--start-group -lc -lm -Wl,--end-group
Finished building target: stm32f7xx_drivers.elf
 
arm-none-eabi-size  stm32f7xx_drivers.elf 
arm-none-eabi-objdump -h -S stm32f7xx_drivers.elf  > "stm32f7xx_drivers.list"
   text	   data	    bss	    dec	    hex	filename
    764	      0	   1568	   2332	    91c	stm32f7xx_drivers.elf
Finished building: default.size.stdout
 
Finished building: stm32f7xx_drivers.list
 

01:36:16 Build Finished. 0 errors, 1 warnings. (took 2s.456ms)

