01:39:56 **** Incremental Build of configuration Debug for project stm32f7xx_drivers ****
make -j16 all 
arm-none-eabi-gcc "../drivers/Src/stm32f767xx_usart_driver.c" -mcpu=cortex-m7 -std=gnu11 -g3 -DDEBUG -DSTM32 -DNUCLEO_F767ZI -DSTM32F7 -DSTM32F767ZITx -c -I"D:/Udemy/MCU1/MCU1_course/MCU1/stm32f7xx_drivers/drivers/Inc" -O0 -ffunction-sections -fdata-sections -Wall -fstack-usage -fcyclomatic-complexity -MMD -MP -MF"drivers/Src/stm32f767xx_usart_driver.d" -MT"drivers/Src/stm32f767xx_usart_driver.o" --specs=nano.specs -mfloat-abi=soft -mthumb -o "drivers/Src/stm32f767xx_usart_driver.o"
../drivers/Src/stm32f767xx_usart_driver.c:240:9: warning: 'USART_GetFlagStatus' defined but not used [-Wunused-function]
  240 | uint8_t USART_GetFlagStatus(USART_RegDef_t *pUSARTx , uint32_t FlagName)
      |         ^~~~~~~~~~~~~~~~~~~
arm-none-eabi-gcc -o "stm32f7xx_drivers.elf" @"objects.list"   -mcpu=cortex-m7 -T"D:\Udemy\MCU1\MCU1_course\MCU1\stm32f7xx_drivers\STM32F767ZITX_FLASH.ld" --specs=nosys.specs -Wl,-Map="stm32f7xx_drivers.map" -Wl,--gc-sections -static --specs=nano.specs -mfloat-abi=soft -mthumb -Wl,--start-group -lc -lm -Wl,--end-group
Finished building target: stm32f7xx_drivers.elf
 
arm-none-eabi-size  stm32f7xx_drivers.elf 
arm-none-eabi-objdump -h -S stm32f7xx_drivers.elf  > "stm32f7xx_drivers.list"
   text	   data	    bss	    dec	    hex	filename
   3416	      0	   1568	   4984	   1378	stm32f7xx_drivers.elf
Finished building: default.size.stdout
 
Finished building: stm32f7xx_drivers.list
 

01:39:57 Build Finished. 0 errors, 1 warnings. (took 1s.409ms)

