02:18:21 **** Incremental Build of configuration Debug for project stm32f7xx_drivers ****
make -j16 all 
arm-none-eabi-gcc "../drivers/Src/stm32f767xx_gpio_driver.c" -mcpu=cortex-m7 -std=gnu11 -g3 -DDEBUG -DSTM32 -DNUCLEO_F767ZI -DSTM32F7 -DSTM32F767ZITx -c -I"D:/Udemy/MCU1/MCU1_course/MCU1/stm32f7xx_drivers/drivers/Inc" -O0 -ffunction-sections -fdata-sections -Wall -fstack-usage -fcyclomatic-complexity -MMD -MP -MF"drivers/Src/stm32f767xx_gpio_driver.d" -MT"drivers/Src/stm32f767xx_gpio_driver.o" --specs=nano.specs -mfpu=fpv5-d16 -mfloat-abi=hard -mthumb -o "drivers/Src/stm32f767xx_gpio_driver.o"
arm-none-eabi-gcc -mcpu=cortex-m7 -g3 -DDEBUG -c -x assembler-with-cpp -MMD -MP -MF"Startup/startup_stm32f767zitx.d" -MT"Startup/startup_stm32f767zitx.o" --specs=nano.specs -mfpu=fpv5-d16 -mfloat-abi=hard -mthumb -o "Startup/startup_stm32f767zitx.o" "../Startup/startup_stm32f767zitx.s"
arm-none-eabi-gcc "../Src/002led_button.c" -mcpu=cortex-m7 -std=gnu11 -g3 -DDEBUG -DSTM32 -DNUCLEO_F767ZI -DSTM32F7 -DSTM32F767ZITx -c -I"D:/Udemy/MCU1/MCU1_course/MCU1/stm32f7xx_drivers/drivers/Inc" -O0 -ffunction-sections -fdata-sections -Wall -fstack-usage -fcyclomatic-complexity -MMD -MP -MF"Src/002led_button.d" -MT"Src/002led_button.o" --specs=nano.specs -mfpu=fpv5-d16 -mfloat-abi=hard -mthumb -o "Src/002led_button.o"
arm-none-eabi-gcc "../Src/syscalls.c" -mcpu=cortex-m7 -std=gnu11 -g3 -DDEBUG -DSTM32 -DNUCLEO_F767ZI -DSTM32F7 -DSTM32F767ZITx -c -I"D:/Udemy/MCU1/MCU1_course/MCU1/stm32f7xx_drivers/drivers/Inc" -O0 -ffunction-sections -fdata-sections -Wall -fstack-usage -fcyclomatic-complexity -MMD -MP -MF"Src/syscalls.d" -MT"Src/syscalls.o" --specs=nano.specs -mfpu=fpv5-d16 -mfloat-abi=hard -mthumb -o "Src/syscalls.o"
arm-none-eabi-gcc "../Src/sysmem.c" -mcpu=cortex-m7 -std=gnu11 -g3 -DDEBUG -DSTM32 -DNUCLEO_F767ZI -DSTM32F7 -DSTM32F767ZITx -c -I"D:/Udemy/MCU1/MCU1_course/MCU1/stm32f7xx_drivers/drivers/Inc" -O0 -ffunction-sections -fdata-sections -Wall -fstack-usage -fcyclomatic-complexity -MMD -MP -MF"Src/sysmem.d" -MT"Src/sysmem.o" --specs=nano.specs -mfpu=fpv5-d16 -mfloat-abi=hard -mthumb -o "Src/sysmem.o"
arm-none-eabi-gcc -o "stm32f7xx_drivers.elf" @"objects.list"   -mcpu=cortex-m7 -T"D:\Udemy\MCU1\MCU1_course\MCU1\stm32f7xx_drivers\STM32F767ZITX_FLASH.ld" --specs=nosys.specs -Wl,-Map="stm32f7xx_drivers.map" -Wl,--gc-sections -static --specs=nano.specs -mfpu=fpv5-d16 -mfloat-abi=hard -mthumb -Wl,--start-group -lc -lm -Wl,--end-group
Finished building target: stm32f7xx_drivers.elf
 
arm-none-eabi-size  stm32f7xx_drivers.elf 
arm-none-eabi-objdump -h -S stm32f7xx_drivers.elf  > "stm32f7xx_drivers.list"
   text	   data	    bss	    dec	    hex	filename
   2164	      0	   1568	   3732	    e94	stm32f7xx_drivers.elf
Finished building: default.size.stdout
 
Finished building: stm32f7xx_drivers.list
 

02:18:24 Build Finished. 0 errors, 0 warnings. (took 2s.165ms)

